# Fork Features Baseline
# This file documents the expected state of fork feature assertions.
# Format: <status> <assertion-name>
# status: "pass" = feature exists (expected to pass), "gap" = feature missing (expected to fail)
#
# Regression detection:
# - pass assertions failing = silent feature drop (CRITICAL)
# - gap assertions deleted without being fixed = evidence removal (CRITICAL)
# - count mismatch = accounting guard (CRITICAL)
# - gap assertions passing = restoration (OK, print as restore)

# Multi-account Claude Code (5 assertions: 4 pass, 1 gap)
pass fm-spawn.sh --account flag
pass bin/claude-account.sh exists
gap Multi-account documented
pass fm-spawn.sh parses ACCOUNT
pass bin/claude-account.sh executable

# Remote Dispatch (2 assertions: 1 pass, 1 gap)
pass Remote SSH transport
gap fm-spawn.sh --remote flag

# Beads Integration (7 assertions: 6 pass, 1 gap)
pass bin/fm-brief-hooks.d/beads.sh
pass bin/fm-beads-resilience-lib.sh
pass bin/fm-bead-stamp.sh
gap bin/fm-spawn-hooks/beads
pass Decision hold support
pass .tasks.toml beads backend
pass fm-brief.sh loads beads

# Fork-local Skills (5 assertions: 5 pass, 0 gap)
pass .agents/skills directory
pass firstmate-orca skill
pass herdr-navigation skill
pass .claude/skills symlink
pass Skill loader integration

# Fork-origin Validation (1 assertion, expected-gap)
gap Fork-origin check

# Decision Hold Lifecycle (2 assertions, both pass)
pass decision-hold-lifecycle skill
pass OPEN DECISIONS display

# Beads Task-Store Backend (3 assertions: 2 pass, 1 gap)
pass bin/fm-backlog-handoff.sh
pass bin/fm-backlog-receive.sh
gap Beads backend configured

# X-mode Integration (3 assertions, all pass)
pass fmx-respond skill
pass bin/fm-x-lib.sh
pass X-mode documented

# Herdr Backend Support (4 assertions: 4 pass, 0 gap)
pass bin/backends/herdr.sh
pass Herdr backend support
pass herdr-navigation skill (Herdr backend integration)
pass docs/herdr-backend.md

# Summary: 27 expected-pass, 7 expected-gap, 34 total
